login as: vinoth
vinoth@192.168.4.213's password:
Welcome to Ubuntu 16.04.1 LTS (GNU/Linux 4.4.0-128-generic x86_64)

 * Documentation:  https://help.ubuntu.com
 * Management:     https://landscape.canonical.com
 * Support:        https://ubuntu.com/advantage

123 packages can be updated.
1 update is a security update.



The programs included with the Ubuntu system are free software;
the exact distribution terms for each program are described in the
individual files in /usr/share/doc/*/copyright.

Ubuntu comes with ABSOLUTELY NO WARRANTY, to the extent permitted by
applicable law.


The programs included with the Ubuntu system are free software;
the exact distribution terms for each program are described in the
individual files in /usr/share/doc/*/copyright.

Ubuntu comes with ABSOLUTELY NO WARRANTY, to the extent permitted by
applicable law.

Last login: Wed Jun 27 19:23:51 2018 from 10.254.1.8
Could not chdir to home directory /home/vinoth: Permission denied
To run a command as administrator (user "root"), use "sudo <command>".
See "man sudo_root" for details.

-bash: /home/vinoth/.bash_profile: Permission denied
vinoth@em-voip-qa:/$ sudo bash
[sudo] password for vinoth:
root@em-voip-qa:/#
root@em-voip-qa:/# sudo apt-get update
Hit:1 http://us.archive.ubuntu.com/ubuntu xenial InRelease
Get:2 http://us.archive.ubuntu.com/ubuntu xenial-updates InRelease [109 kB]
Get:3 http://us.archive.ubuntu.com/ubuntu xenial-backports InRelease [107 kB]
Get:4 http://us.archive.ubuntu.com/ubuntu xenial-updates/main amd64 Packages [796 kB]
Get:5 http://security.ubuntu.com/ubuntu xenial-security InRelease [107 kB]
Get:6 http://us.archive.ubuntu.com/ubuntu xenial-updates/main i386 Packages [728 kB]
Get:7 http://us.archive.ubuntu.com/ubuntu xenial-updates/universe amd64 Packages [637 kB]
Get:8 http://us.archive.ubuntu.com/ubuntu xenial-updates/universe i386 Packages [582 kB]
Get:9 http://us.archive.ubuntu.com/ubuntu xenial-updates/universe Translation-en [256 kB]
Fetched 3,321 kB in 19s (168 kB/s)
Reading package lists... Done
root@em-voip-qa:/# sudo apt-get install apache2
Reading package lists... Done
Building dependency tree
Reading state information... Done
The following additional packages will be installed:
  apache2-bin apache2-data apache2-utils libapr1 libaprutil1
  libaprutil1-dbd-sqlite3 libaprutil1-ldap liblua5.1-0 ssl-cert
Suggested packages:
  www-browser apache2-doc apache2-suexec-pristine | apache2-suexec-custom
  openssl-blacklist
The following NEW packages will be installed:
  apache2 apache2-bin apache2-data apache2-utils libapr1 libaprutil1
  libaprutil1-dbd-sqlite3 libaprutil1-ldap liblua5.1-0 ssl-cert
0 upgraded, 10 newly installed, 0 to remove and 121 not upgraded.
Need to get 1,558 kB of archives.
After this operation, 6,436 kB of additional disk space will be used.
Do you want to continue? [Y/n] Y
Get:1 http://us.archive.ubuntu.com/ubuntu xenial/main amd64 libapr1 amd64 1.5.2-3 [86.0 kB]
Get:2 http://us.archive.ubuntu.com/ubuntu xenial/main amd64 libaprutil1 amd64 1.5.4-1build1 [77.1 kB]
Get:3 http://us.archive.ubuntu.com/ubuntu xenial/main amd64 libaprutil1-dbd-sqlite3 amd64 1.5.4-1build1 [10.6 kB]
Get:4 http://us.archive.ubuntu.com/ubuntu xenial/main amd64 libaprutil1-ldap amd64 1.5.4-1build1 [8,720 B]
Get:5 http://us.archive.ubuntu.com/ubuntu xenial/main amd64 liblua5.1-0 amd64 5.1.5-8ubuntu1 [102 kB]
Get:6 http://us.archive.ubuntu.com/ubuntu xenial-updates/main amd64 apache2-bin amd64 2.4.18-2ubuntu3.8 [926 kB]
Get:7 http://us.archive.ubuntu.com/ubuntu xenial-updates/main amd64 apache2-utils amd64 2.4.18-2ubuntu3.8 [82.0 kB]
Get:8 http://us.archive.ubuntu.com/ubuntu xenial-updates/main amd64 apache2-data all 2.4.18-2ubuntu3.8 [162 kB]
Get:9 http://us.archive.ubuntu.com/ubuntu xenial-updates/main amd64 apache2 amd64 2.4.18-2ubuntu3.8 [86.8 kB]
Get:10 http://us.archive.ubuntu.com/ubuntu xenial/main amd64 ssl-cert all 1.0.37 [16.9 kB]
Fetched 1,558 kB in 8s (188 kB/s)
Preconfiguring packages ...
Selecting previously unselected package libapr1:amd64.
(Reading database ... 92484 files and directories currently installed.)
Preparing to unpack .../libapr1_1.5.2-3_amd64.deb ...
Unpacking libapr1:amd64 (1.5.2-3) ...
Selecting previously unselected package libaprutil1:amd64.
Preparing to unpack .../libaprutil1_1.5.4-1build1_amd64.deb ...
Unpacking libaprutil1:amd64 (1.5.4-1build1) ...
Selecting previously unselected package libaprutil1-dbd-sqlite3:amd64.
Preparing to unpack .../libaprutil1-dbd-sqlite3_1.5.4-1build1_amd64.deb ...
Unpacking libaprutil1-dbd-sqlite3:amd64 (1.5.4-1build1) ...
Selecting previously unselected package libaprutil1-ldap:amd64.
Preparing to unpack .../libaprutil1-ldap_1.5.4-1build1_amd64.deb ...
Unpacking libaprutil1-ldap:amd64 (1.5.4-1build1) ...
Selecting previously unselected package liblua5.1-0:amd64.
Preparing to unpack .../liblua5.1-0_5.1.5-8ubuntu1_amd64.deb ...
Unpacking liblua5.1-0:amd64 (5.1.5-8ubuntu1) ...
Selecting previously unselected package apache2-bin.
Preparing to unpack .../apache2-bin_2.4.18-2ubuntu3.8_amd64.deb ...
Unpacking apache2-bin (2.4.18-2ubuntu3.8) ...
Selecting previously unselected package apache2-utils.
Preparing to unpack .../apache2-utils_2.4.18-2ubuntu3.8_amd64.deb ...
Unpacking apache2-utils (2.4.18-2ubuntu3.8) ...
Selecting previously unselected package apache2-data.
Preparing to unpack .../apache2-data_2.4.18-2ubuntu3.8_all.deb ...
Unpacking apache2-data (2.4.18-2ubuntu3.8) ...
Selecting previously unselected package apache2.
Preparing to unpack .../apache2_2.4.18-2ubuntu3.8_amd64.deb ...
Unpacking apache2 (2.4.18-2ubuntu3.8) ...
Selecting previously unselected package ssl-cert.
Preparing to unpack .../ssl-cert_1.0.37_all.deb ...
Unpacking ssl-cert (1.0.37) ...
Processing triggers for libc-bin (2.23-0ubuntu10) ...
Processing triggers for man-db (2.7.5-1) ...
Processing triggers for ufw (0.35-0ubuntu2) ...
Processing triggers for systemd (229-4ubuntu21.1) ...
Processing triggers for ureadahead (0.100.0-19) ...
Setting up libapr1:amd64 (1.5.2-3) ...
Setting up libaprutil1:amd64 (1.5.4-1build1) ...
Setting up libaprutil1-dbd-sqlite3:amd64 (1.5.4-1build1) ...
Setting up libaprutil1-ldap:amd64 (1.5.4-1build1) ...
Setting up liblua5.1-0:amd64 (5.1.5-8ubuntu1) ...
Setting up apache2-bin (2.4.18-2ubuntu3.8) ...
Setting up apache2-utils (2.4.18-2ubuntu3.8) ...
Setting up apache2-data (2.4.18-2ubuntu3.8) ...
Setting up apache2 (2.4.18-2ubuntu3.8) ...
Enabling module mpm_event.
Enabling module authz_core.
Enabling module authz_host.
Enabling module authn_core.
Enabling module auth_basic.
Enabling module access_compat.
Enabling module authn_file.
Enabling module authz_user.
Enabling module alias.
Enabling module dir.
Enabling module autoindex.
Enabling module env.
Enabling module mime.
Enabling module negotiation.
Enabling module setenvif.
Enabling module filter.
Enabling module deflate.
Enabling module status.
Enabling conf charset.
Enabling conf localized-error-pages.
Enabling conf other-vhosts-access-log.
Enabling conf security.
Enabling conf serve-cgi-bin.
Enabling site 000-default.
Setting up ssl-cert (1.0.37) ...
Processing triggers for libc-bin (2.23-0ubuntu10) ...
Processing triggers for systemd (229-4ubuntu21.1) ...
Processing triggers for ureadahead (0.100.0-19) ...
Processing triggers for ufw (0.35-0ubuntu2) ...
root@em-voip-qa:/# sudo apache2ctl configtest
AH00558: apache2: Could not reliably determine the server's fully qualified domain name, using 127.0.1.1. Set the 'ServerName' directive globally to suppress this message
Syntax OK
root@em-voip-qa:/# vi /etc/apache2/apache2.conf
root@em-voip-qa:/# cat /etc/apache2/apache2.conf
# This is the main Apache server configuration file.  It contains the
# configuration directives that give the server its instructions.
# See http://httpd.apache.org/docs/2.4/ for detailed information about
# the directives and /usr/share/doc/apache2/README.Debian about Debian specific
# hints.
#
#
# Summary of how the Apache 2 configuration works in Debian:
# The Apache 2 web server configuration in Debian is quite different to
# upstream's suggested way to configure the web server. This is because Debian's
# default Apache2 installation attempts to make adding and removing modules,
# virtual hosts, and extra configuration directives as flexible as possible, in
# order to make automating the changes and administering the server as easy as
# possible.

# It is split into several files forming the configuration hierarchy outlined
# below, all located in the /etc/apache2/ directory:
#
#       /etc/apache2/
#       |-- apache2.conf
#       |       `--  ports.conf
#       |-- mods-enabled
#       |       |-- *.load
#       |       `-- *.conf
#       |-- conf-enabled
#       |       `-- *.conf
#       `-- sites-enabled
#               `-- *.conf
#
#
# * apache2.conf is the main configuration file (this file). It puts the pieces
#   together by including all remaining configuration files when starting up the
#   web server.
#
# * ports.conf is always included from the main configuration file. It is
#   supposed to determine listening ports for incoming connections which can be
#   customized anytime.
#
# * Configuration files in the mods-enabled/, conf-enabled/ and sites-enabled/
#   directories contain particular configuration snippets which manage modules,
#   global configuration fragments, or virtual host configurations,
#   respectively.
#
#   They are activated by symlinking available configuration files from their
#   respective *-available/ counterparts. These should be managed by using our
#   helpers a2enmod/a2dismod, a2ensite/a2dissite and a2enconf/a2disconf. See
#   their respective man pages for detailed information.
#
# * The binary is called apache2. Due to the use of environment variables, in
#   the default configuration, apache2 needs to be started/stopped with
#   /etc/init.d/apache2 or apache2ctl. Calling /usr/bin/apache2 directly will not
#   work with the default configuration.


# Global configuration
#

#
# ServerRoot: The top of the directory tree under which the server's
# configuration, error, and log files are kept.
#
# NOTE!  If you intend to place this on an NFS (or otherwise network)
# mounted filesystem then please read the Mutex documentation (available
# at <URL:http://httpd.apache.org/docs/2.4/mod/core.html#mutex>);
# you will save yourself a lot of trouble.
#
# Do NOT add a slash at the end of the directory path.
#
#ServerRoot "/etc/apache2"

#
# The accept serialization lock file MUST BE STORED ON A LOCAL DISK.
#
Mutex file:${APACHE_LOCK_DIR} default

#
# PidFile: The file in which the server should record its process
# identification number when it starts.
# This needs to be set in /etc/apache2/envvars
#
PidFile ${APACHE_PID_FILE}

#
# Timeout: The number of seconds before receives and sends time out.
#
Timeout 300

#
# KeepAlive: Whether or not to allow persistent connections (more than
# one request per connection). Set to "Off" to deactivate.
#
KeepAlive On

#
# MaxKeepAliveRequests: The maximum number of requests to allow
# during a persistent connection. Set to 0 to allow an unlimited amount.
# We recommend you leave this number high, for maximum performance.
#
MaxKeepAliveRequests 100

#
# KeepAliveTimeout: Number of seconds to wait for the next request from the
# same client on the same connection.
#
KeepAliveTimeout 5


# These need to be set in /etc/apache2/envvars
User ${APACHE_RUN_USER}
Group ${APACHE_RUN_GROUP}

#
# HostnameLookups: Log the names of clients or just their IP addresses
# e.g., www.apache.org (on) or 204.62.129.132 (off).
# The default is off because it'd be overall better for the net if people
# had to knowingly turn this feature on, since enabling it means that
# each client request will result in AT LEAST one lookup request to the
# nameserver.
#
HostnameLookups Off

# ErrorLog: The location of the error log file.
# If you do not specify an ErrorLog directive within a <VirtualHost>
# container, error messages relating to that virtual host will be
# logged here.  If you *do* define an error logfile for a <VirtualHost>
# container, that host's errors will be logged there and not here.
#
ErrorLog ${APACHE_LOG_DIR}/error.log

#
# LogLevel: Control the severity of messages logged to the error_log.
# Available values: trace8, ..., trace1, debug, info, notice, warn,
# error, crit, alert, emerg.
# It is also possible to configure the log level for particular modules, e.g.
# "LogLevel info ssl:warn"
#
LogLevel warn

# Include module configuration:
IncludeOptional mods-enabled/*.load
IncludeOptional mods-enabled/*.conf

# Include list of ports to listen on
Include ports.conf


# Sets the default security model of the Apache2 HTTPD server. It does
# not allow access to the root filesystem outside of /usr/share and /var/www.
# The former is used by web applications packaged in Debian,
# the latter may be used for local directories served by the web server. If
# your system is serving content from a sub-directory in /srv you must allow
# access here, or in any related virtual host.
<Directory />
        Options FollowSymLinks
        AllowOverride None
        Require all denied
</Directory>

<Directory /usr/share>
        AllowOverride None
        Require all granted
</Directory>

<Directory /var/www/>
        Options Indexes FollowSymLinks
        AllowOverride None
        Require all granted
</Directory>

#<Directory /srv/>
#       Options Indexes FollowSymLinks
#       AllowOverride None
#       Require all granted
#</Directory>




# AccessFileName: The name of the file to look for in each directory
# for additional configuration directives.  See also the AllowOverride
# directive.
#
AccessFileName .htaccess

#
# The following lines prevent .htaccess and .htpasswd files from being
# viewed by Web clients.
#
<FilesMatch "^\.ht">
        Require all denied
</FilesMatch>


#
# The following directives define some format nicknames for use with
# a CustomLog directive.
#
# These deviate from the Common Log Format definitions in that they use %O
# (the actual bytes sent including headers) instead of %b (the size of the
# requested file), because the latter makes it impossible to detect partial
# requests.
#
# Note that the use of %{X-Forwarded-For}i instead of %h is not recommended.
# Use mod_remoteip instead.
#
LogFormat "%v:%p %h %l %u %t \"%r\" %>s %O \"%{Referer}i\" \"%{User-Agent}i\"" vhost_combined
LogFormat "%h %l %u %t \"%r\" %>s %O \"%{Referer}i\" \"%{User-Agent}i\"" combined
LogFormat "%h %l %u %t \"%r\" %>s %O" common
LogFormat "%{Referer}i -> %U" referer
LogFormat "%{User-agent}i" agent

# Include of directories ignores editors' and dpkg's backup files,
# see README.Debian for details.

# Include generic snippets of statements
IncludeOptional conf-enabled/*.conf

# Include the virtual host configurations:
IncludeOptional sites-enabled/*.conf

# vim: syntax=apache ts=4 sw=4 sts=4 sr noet
root@em-voip-qa:/# sudo apache2ctl configtest
AH00558: apache2: Could not reliably determine the server's fully qualified domain name, using 127.0.1.1. Set the 'ServerName' directive globally to suppress this message
Syntax OK
root@em-voip-qa:/# vi /etc/apache2/apache2.conf
root@em-voip-qa:/# cat /etc/apache2/apache2.conf
# This is the main Apache server configuration file.  It contains the
# configuration directives that give the  its instructions.
# See http://httpd.apache.org/docs/2.4/ for detailed information about
# the directives and /usr/share/doc/apache2/README.Debian about Debian specific
# hints.
#
#
# Summary of how the Apache 2 configuration works in Debian:
# The Apache 2 web server configuration in Debian is quite different to
# upstream's suggested way to configure the web server. This is because Debian's
# default Apache2 installation attempts to make adding and removing modules,
# virtual hosts, and extra configuration directives as flexible as possible, in
# order to make automating the changes and administering the server as easy as
# possible.

# It is split into several files forming the configuration hierarchy outlined
# below, all located in the /etc/apache2/ directory:
#
#       /etc/apache2/
#       |-- apache2.conf
#       |       `--  ports.conf
#       |-- mods-enabled
#       |       |-- *.load
#       |       `-- *.conf
#       |-- conf-enabled
#       |       `-- *.conf
#       `-- sites-enabled
#               `-- *.conf
#
#
# * apache2.conf is the main configuration file (this file). It puts the pieces
#   together by including all remaining configuration files when starting up the
#   web server.
#
# * ports.conf is always included from the main configuration file. It is
#   supposed to determine listening ports for incoming connections which can be
#   customized anytime.
#
# * Configuration files in the mods-enabled/, conf-enabled/ and sites-enabled/
#   directories contain particular configuration snippets which manage modules,
#   global configuration fragments, or virtual host configurations,
#   respectively.
#
#   They are activated by symlinking available configuration files from their
#   respective *-available/ counterparts. These should be managed by using our
#   helpers a2enmod/a2dismod, a2ensite/a2dissite and a2enconf/a2disconf. See
#   their respective man pages for detailed information.
#
# * The binary is called apache2. Due to the use of environment variables, in
#   the default configuration, apache2 needs to be started/stopped with
#   /etc/init.d/apache2 or apache2ctl. Calling /usr/bin/apache2 directly will not
#   work with the default configuration.


# Global configuration
#

#
# ServerRoot: The top of the directory tree under which the server's
# configuration, error, and log files are kept.
#
# NOTE!  If you intend to place this on an NFS (or otherwise network)
# mounted filesystem then please read the Mutex documentation (available
# at <URL:http://httpd.apache.org/docs/2.4/mod/core.html#mutex>);
# you will save yourself a lot of trouble.
#
# Do NOT add a slash at the end of the directory path.
#
#ServerRoot "/etc/apache2"

#
# The accept serialization lock file MUST BE STORED ON A LOCAL DISK.
#
Mutex file:${APACHE_LOCK_DIR} default

#
# PidFile: The file in which the server should record its process
# identification number when it starts.
# This needs to be set in /etc/apache2/envvars
#
PidFile ${APACHE_PID_FILE}

#
# Timeout: The number of seconds before receives and sends time out.
#
Timeout 300

#
# KeepAlive: Whether or not to allow persistent connections (more than
# one request per connection). Set to "Off" to deactivate.
#
KeepAlive On

#
# MaxKeepAliveRequests: The maximum number of requests to allow
# during a persistent connection. Set to 0 to allow an unlimited amount.
# We recommend you leave this number high, for maximum performance.
#
MaxKeepAliveRequests 100

#
# KeepAliveTimeout: Number of seconds to wait for the next request from the
# same client on the same connection.
#
KeepAliveTimeout 5


# These need to be set in /etc/apache2/envvars
User ${APACHE_RUN_USER}
Group ${APACHE_RUN_GROUP}

#
# HostnameLookups: Log the names of clients or just their IP addresses
# e.g., www.apache.org (on) or 204.62.129.132 (off).
# The default is off because it'd be overall better for the net if people
# had to knowingly turn this feature on, since enabling it means that
# each client request will result in AT LEAST one lookup request to the
# nameserver.
#
HostnameLookups Off

# ErrorLog: The location of the error log file.
# If you do not specify an ErrorLog directive within a <VirtualHost>
# container, error messages relating to that virtual host will be
# logged here.  If you *do* define an error logfile for a <VirtualHost>
# container, that host's errors will be logged there and not here.
#
ErrorLog ${APACHE_LOG_DIR}/error.log

#
# LogLevel: Control the severity of messages logged to the error_log.
# Available values: trace8, ..., trace1, debug, info, notice, warn,
# error, crit, alert, emerg.
# It is also possible to configure the log level for particular modules, e.g.
# "LogLevel info ssl:warn"
#
LogLevel warn

# Include module configuration:
IncludeOptional mods-enabled/*.load
IncludeOptional mods-enabled/*.conf

# Include list of ports to listen on
Include ports.conf


# Sets the default security model of the Apache2 HTTPD server. It does
# not allow access to the root filesystem outside of /usr/share and /var/www.
# The former is used by web applications packaged in Debian,
# the latter may be used for local directories served by the web server. If
# your system is serving content from a sub-directory in /srv you must allow
# access here, or in any related virtual host.
<Directory />
        Options FollowSymLinks
        AllowOverride None
        Require all denied
</Directory>

<Directory /usr/share>
        AllowOverride None
        Require all granted
</Directory>

<Directory /var/www/>
        Options Indexes FollowSymLinks
        AllowOverride None
        Require all granted
</Directory>

#<Directory /srv/>
#       Options Indexes FollowSymLinks
#       AllowOverride None
#       Require all granted
#</Directory>




# AccessFileName: The name of the file to look for in each directory
# for additional configuration directives.  See also the AllowOverride
# directive.
#
AccessFileName .htaccess

#
# The following lines prevent .htaccess and .htpasswd files from being
# viewed by Web clients.
#
<FilesMatch "^\.ht">
        Require all denied
</FilesMatch>


#
# The following directives define some format nicknames for use with
# a CustomLog directive.
#
# These deviate from the Common Log Format definitions in that they use %O
# (the actual bytes sent including headers) instead of %b (the size of the
# requested file), because the latter makes it impossible to detect partial
# requests.
#
# Note that the use of %{X-Forwarded-For}i instead of %h is not recommended.
# Use mod_remoteip instead.
#
LogFormat "%v:%p %h %l %u %t \"%r\" %>s %O \"%{Referer}i\" \"%{User-Agent}i\"" vhost_combined
LogFormat "%h %l %u %t \"%r\" %>s %O \"%{Referer}i\" \"%{User-Agent}i\"" combined
LogFormat "%h %l %u %t \"%r\" %>s %O" common
LogFormat "%{Referer}i -> %U" referer
LogFormat "%{User-agent}i" agent

# Include of directories ignores editors' and dpkg's backup files,
# see README.Debian for details.

# Include generic snippets of statements
IncludeOptional conf-enabled/*.conf

# Include the virtual host configurations:
IncludeOptional sites-enabled/*.conf

# vim: syntax=apache ts=4 sw=4 sts=4 sr noet
ServerName 192.168.4.213
root@em-voip-qa:/# sudo apache2ctl configtest
Syntax OK
root@em-voip-qa:/# sudo systemctl restart apache2
root@em-voip-qa:/# ufw app list
Available applications:
  Apache
  Apache Full
  Apache Secure
  OpenSSH
root@em-voip-qa:/# ufw app list "Apache Full"
ERROR: Invalid syntax

Usage: ufw COMMAND

Commands:
 enable                          enables the firewall
 disable                         disables the firewall
 default ARG                     set default policy
 logging LEVEL                   set logging to LEVEL
 allow ARGS                      add allow rule
 deny ARGS                       add deny rule
 reject ARGS                     add reject rule
 limit ARGS                      add limit rule
 delete RULE|NUM                 delete RULE
 insert NUM RULE                 insert RULE at NUM
 route RULE                      add route RULE
 route delete RULE|NUM           delete route RULE
 route insert NUM RULE           insert route RULE at NUM
 reload                          reload firewall
 reset                           reset firewall
 status                          show firewall status
 status numbered                 show firewall status as numbered list of RULES
 status verbose                  show verbose firewall status
 show ARG                        show firewall report
 version                         display version information

Application profile commands:
 app list                        list application profiles
 app info PROFILE                show information on PROFILE
 app update PROFILE              update PROFILE
 app default ARG                 set default application policy

root@em-voip-qa:/# ufw app info "Apache Full"
Profile: Apache Full
Title: Web Server (HTTP,HTTPS)
Description: Apache v2 is the next generation of the omnipresent Apache web
server.

Ports:
  80,443/tcp
root@em-voip-qa:/# ufw allow in "Apache Full"
Rules updated
Rules updated (v6)
root@em-voip-qa:/# ip addr show eth0 | grep inet | awk '{ print $2; }' | sed 's/\/.*$//'
Device "eth0" does not exist.
root@em-voip-qa:/# ip addr show eth0 | grep inet | awk '{ print $2; }' | sed 's/\/.*$//'^C
root@em-voip-qa:/# sudo apt-get install curl
Reading package lists... Done
Building dependency tree
Reading state information... Done
curl is already the newest version (7.47.0-1ubuntu2.8).
0 upgraded, 0 newly installed, 0 to remove and 121 not upgraded.
root@em-voip-qa:/# sudo apt-get install mysql-server
Reading package lists... Done
Building dependency tree
Reading state information... Done
The following additional packages will be installed:
  libaio1 libcgi-fast-perl libcgi-pm-perl libencode-locale-perl
  libevent-core-2.0-5 libfcgi-perl libhtml-parser-perl libhtml-tagset-perl
  libhtml-template-perl libhttp-date-perl libhttp-message-perl libio-html-perl
  liblwp-mediatypes-perl libtimedate-perl liburi-perl mysql-client-5.7
  mysql-client-core-5.7 mysql-common mysql-server-5.7 mysql-server-core-5.7
Suggested packages:
  libdata-dump-perl libipc-sharedcache-perl libwww-perl mailx tinyca
The following NEW packages will be installed:
  libaio1 libcgi-fast-perl libcgi-pm-perl libencode-locale-perl
  libevent-core-2.0-5 libfcgi-perl libhtml-parser-perl libhtml-tagset-perl
  libhtml-template-perl libhttp-date-perl libhttp-message-perl libio-html-perl
  liblwp-mediatypes-perl libtimedate-perl liburi-perl mysql-client-5.7
  mysql-client-core-5.7 mysql-common mysql-server mysql-server-5.7
  mysql-server-core-5.7
0 upgraded, 21 newly installed, 0 to remove and 121 not upgraded.
Need to get 18.7 MB of archives.
After this operation, 162 MB of additional disk space will be used.
Do you want to continue? [Y/n] Y
Get:1 http://us.archive.ubuntu.com/ubuntu xenial-updates/main amd64 mysql-common all 5.7.22-0ubuntu0.16.04.1 [15.4 kB]
Get:2 http://us.archive.ubuntu.com/ubuntu xenial/main amd64 libaio1 amd64 0.3.110-2 [6,356 B]
Get:3 http://us.archive.ubuntu.com/ubuntu xenial-updates/main amd64 mysql-client-core-5.7 amd64 5.7.22-0ubuntu0.16.04.1 [6,425 kB]
Get:4 http://us.archive.ubuntu.com/ubuntu xenial-updates/main amd64 mysql-client-5.7 amd64 5.7.22-0ubuntu0.16.04.1 [1,673 kB]
Get:5 http://us.archive.ubuntu.com/ubuntu xenial-updates/main amd64 mysql-server-core-5.7 amd64 5.7.22-0ubuntu0.16.04.1 [7,268 kB]
Get:6 http://us.archive.ubuntu.com/ubuntu xenial-updates/main amd64 libevent-core-2.0-5 amd64 2.0.21-stable-2ubuntu0.16.04.1 [70.6 kB]
Get:7 http://us.archive.ubuntu.com/ubuntu xenial-updates/main amd64 mysql-server-5.7 amd64 5.7.22-0ubuntu0.16.04.1 [2,583 kB]
Get:8 http://us.archive.ubuntu.com/ubuntu xenial/main amd64 libhtml-tagset-perl all 3.20-2 [13.5 kB]
Get:9 http://us.archive.ubuntu.com/ubuntu xenial/main amd64 liburi-perl all 1.71-1 [76.9 kB]
Get:10 http://us.archive.ubuntu.com/ubuntu xenial/main amd64 libhtml-parser-perl amd64 3.72-1 [86.1 kB]
Get:11 http://us.archive.ubuntu.com/ubuntu xenial/main amd64 libcgi-pm-perl all 4.26-1 [185 kB]
Get:12 http://us.archive.ubuntu.com/ubuntu xenial/main amd64 libfcgi-perl amd64 0.77-1build1 [32.3 kB]
Get:13 http://us.archive.ubuntu.com/ubuntu xenial/main amd64 libcgi-fast-perl all 1:2.10-1 [10.2 kB]
Get:14 http://us.archive.ubuntu.com/ubuntu xenial/main amd64 libencode-locale-perl all 1.05-1 [12.3 kB]
Get:15 http://us.archive.ubuntu.com/ubuntu xenial/main amd64 libhtml-template-perl all 2.95-2 [60.4 kB]
Get:16 http://us.archive.ubuntu.com/ubuntu xenial/main amd64 libtimedate-perl all 2.3000-2 [37.5 kB]
Get:17 http://us.archive.ubuntu.com/ubuntu xenial/main amd64 libhttp-date-perl all 6.02-1 [10.4 kB]
Get:18 http://us.archive.ubuntu.com/ubuntu xenial/main amd64 libio-html-perl all 1.001-1 [14.9 kB]
Get:19 http://us.archive.ubuntu.com/ubuntu xenial/main amd64 liblwp-mediatypes-perl all 6.02-1 [21.7 kB]
Get:20 http://us.archive.ubuntu.com/ubuntu xenial/main amd64 libhttp-message-perl all 6.11-1 [74.3 kB]
Get:21 http://us.archive.ubuntu.com/ubuntu xenial-updates/main amd64 mysql-server all 5.7.22-0ubuntu0.16.04.1 [10.8 kB]
Fetched 18.7 MB in 10s (1,766 kB/s)
Preconfiguring packages ...
Selecting previously unselected package mysql-common.
(Reading database ... 93175 files and directories currently installed.)
Preparing to unpack .../mysql-common_5.7.22-0ubuntu0.16.04.1_all.deb ...
Unpacking mysql-common (5.7.22-0ubuntu0.16.04.1) ...
Selecting previously unselected package libaio1:amd64.
Preparing to unpack .../libaio1_0.3.110-2_amd64.deb ...
Unpacking libaio1:amd64 (0.3.110-2) ...
Selecting previously unselected package mysql-client-core-5.7.
Preparing to unpack .../mysql-client-core-5.7_5.7.22-0ubuntu0.16.04.1_amd64.deb ...
Unpacking mysql-client-core-5.7 (5.7.22-0ubuntu0.16.04.1) ...
Selecting previously unselected package mysql-client-5.7.
Preparing to unpack .../mysql-client-5.7_5.7.22-0ubuntu0.16.04.1_amd64.deb ...
Unpacking mysql-client-5.7 (5.7.22-0ubuntu0.16.04.1) ...
Selecting previously unselected package mysql-server-core-5.7.
Preparing to unpack .../mysql-server-core-5.7_5.7.22-0ubuntu0.16.04.1_amd64.deb ...
Unpacking mysql-server-core-5.7 (5.7.22-0ubuntu0.16.04.1) ...
Selecting previously unselected package libevent-core-2.0-5:amd64.
Preparing to unpack .../libevent-core-2.0-5_2.0.21-stable-2ubuntu0.16.04.1_amd64.deb ...
Unpacking libevent-core-2.0-5:amd64 (2.0.21-stable-2ubuntu0.16.04.1) ...
Processing triggers for libc-bin (2.23-0ubuntu10) ...
Processing triggers for man-db (2.7.5-1) ...
Setting up mysql-common (5.7.22-0ubuntu0.16.04.1) ...
update-alternatives: using /etc/mysql/my.cnf.fallback to provide /etc/mysql/my.cnf (my.cnf) in auto mode
Selecting previously unselected package mysql-server-5.7.
(Reading database ... 93343 files and directories currently installed.)
Preparing to unpack .../mysql-server-5.7_5.7.22-0ubuntu0.16.04.1_amd64.deb ...
Unpacking mysql-server-5.7 (5.7.22-0ubuntu0.16.04.1) ...
Selecting previously unselected package libhtml-tagset-perl.
Preparing to unpack .../libhtml-tagset-perl_3.20-2_all.deb ...
Unpacking libhtml-tagset-perl (3.20-2) ...
Selecting previously unselected package liburi-perl.
Preparing to unpack .../liburi-perl_1.71-1_all.deb ...
Unpacking liburi-perl (1.71-1) ...
Selecting previously unselected package libhtml-parser-perl.
Preparing to unpack .../libhtml-parser-perl_3.72-1_amd64.deb ...
Unpacking libhtml-parser-perl (3.72-1) ...
Selecting previously unselected package libcgi-pm-perl.
Preparing to unpack .../libcgi-pm-perl_4.26-1_all.deb ...
Unpacking libcgi-pm-perl (4.26-1) ...
Selecting previously unselected package libfcgi-perl.
Preparing to unpack .../libfcgi-perl_0.77-1build1_amd64.deb ...
Unpacking libfcgi-perl (0.77-1build1) ...
Selecting previously unselected package libcgi-fast-perl.
Preparing to unpack .../libcgi-fast-perl_1%3a2.10-1_all.deb ...
Unpacking libcgi-fast-perl (1:2.10-1) ...
Selecting previously unselected package libencode-locale-perl.
Preparing to unpack .../libencode-locale-perl_1.05-1_all.deb ...
Unpacking libencode-locale-perl (1.05-1) ...
Selecting previously unselected package libhtml-template-perl.
Preparing to unpack .../libhtml-template-perl_2.95-2_all.deb ...
Unpacking libhtml-template-perl (2.95-2) ...
Selecting previously unselected package libtimedate-perl.
Preparing to unpack .../libtimedate-perl_2.3000-2_all.deb ...
Unpacking libtimedate-perl (2.3000-2) ...
Selecting previously unselected package libhttp-date-perl.
Preparing to unpack .../libhttp-date-perl_6.02-1_all.deb ...
Unpacking libhttp-date-perl (6.02-1) ...
Selecting previously unselected package libio-html-perl.
Preparing to unpack .../libio-html-perl_1.001-1_all.deb ...
Unpacking libio-html-perl (1.001-1) ...
Selecting previously unselected package liblwp-mediatypes-perl.
Preparing to unpack .../liblwp-mediatypes-perl_6.02-1_all.deb ...
Unpacking liblwp-mediatypes-perl (6.02-1) ...
Selecting previously unselected package libhttp-message-perl.
Preparing to unpack .../libhttp-message-perl_6.11-1_all.deb ...
Unpacking libhttp-message-perl (6.11-1) ...
Selecting previously unselected package mysql-server.
Preparing to unpack .../mysql-server_5.7.22-0ubuntu0.16.04.1_all.deb ...
Unpacking mysql-server (5.7.22-0ubuntu0.16.04.1) ...
Processing triggers for man-db (2.7.5-1) ...
Processing triggers for ureadahead (0.100.0-19) ...
Processing triggers for systemd (229-4ubuntu21.1) ...
Setting up libaio1:amd64 (0.3.110-2) ...
Setting up mysql-client-core-5.7 (5.7.22-0ubuntu0.16.04.1) ...
Setting up mysql-client-5.7 (5.7.22-0ubuntu0.16.04.1) ...
Setting up mysql-server-core-5.7 (5.7.22-0ubuntu0.16.04.1) ...
Setting up libevent-core-2.0-5:amd64 (2.0.21-stable-2ubuntu0.16.04.1) ...
Setting up mysql-server-5.7 (5.7.22-0ubuntu0.16.04.1) ...
update-alternatives: using /etc/mysql/mysql.cnf to provide /etc/mysql/my.cnf (my.cnf) in auto mode
Renaming removed key_buffer and myisam-recover options (if present)
Setting up libhtml-tagset-perl (3.20-2) ...
Setting up liburi-perl (1.71-1) ...
Setting up libhtml-parser-perl (3.72-1) ...
Setting up libcgi-pm-perl (4.26-1) ...
Setting up libfcgi-perl (0.77-1build1) ...
Setting up libcgi-fast-perl (1:2.10-1) ...
Setting up libencode-locale-perl (1.05-1) ...
Setting up libhtml-template-perl (2.95-2) ...
Setting up libtimedate-perl (2.3000-2) ...
Setting up libhttp-date-perl (6.02-1) ...
Setting up libio-html-perl (1.001-1) ...
Setting up liblwp-mediatypes-perl (6.02-1) ...
Setting up libhttp-message-perl (6.11-1) ...
Setting up mysql-server (5.7.22-0ubuntu0.16.04.1) ...
Processing triggers for libc-bin (2.23-0ubuntu10) ...
Processing triggers for systemd (229-4ubuntu21.1) ...
Processing triggers for ureadahead (0.100.0-19) ...
root@em-voip-qa:/# mysql_secure_installation

Securing the MySQL server deployment.

Enter password for user root:

VALIDATE PASSWORD PLUGIN can be used to test passwords
and improve security. It checks the strength of password
and allows the users to set only those passwords which are
secure enough. Would you like to setup VALIDATE PASSWORD plugin?

Press y|Y for Yes, any other key for No: y

There are three levels of password validation policy:

LOW    Length >= 8
MEDIUM Length >= 8, numeric, mixed case, and special characters
STRONG Length >= 8, numeric, mixed case, special characters and dictionary                  file

Please enter 0 = LOW, 1 = MEDIUM and 2 = STRONG: 1
Using existing password for root.

Estimated strength of the password: 100
Change the password for root ? ((Press y|Y for Yes, any other key for No) : y

New password:

Re-enter new password:

Estimated strength of the password: 100
Do you wish to continue with the password provided?(Press y|Y for Yes, any other key for No) : y
By default, a MySQL installation has an anonymous user,
allowing anyone to log into MySQL without having to have
a user account created for them. This is intended only for
testing, and to make the installation go a bit smoother.
You should remove them before moving into a production
environment.

Remove anonymous users? (Press y|Y for Yes, any other key for No) : No

 ... skipping.


Normally, root should only be allowed to connect from
'localhost'. This ensures that someone cannot guess at
the root password from the network.

Disallow root login remotely? (Press y|Y for Yes, any other key for No) : NO

 ... skipping.
By default, MySQL comes with a database named 'test' that
anyone can access. This is also intended only for testing,
and should be removed before moving into a production
environment.


Remove test database and access to it? (Press y|Y for Yes, any other key for No) : No

 ... skipping.
Reloading the privilege tables will ensure that all changes
made so far will take effect immediately.

Reload privilege tables now? (Press y|Y for Yes, any other key for No) : n

 ... skipping.
All done!
root@em-voip-qa:/# sudo apt-get install php libapache2-mod-php php-mcrypt php-mysql
Reading package lists... Done
Building dependency tree
Reading state information... Done
The following additional packages will be installed:
  libapache2-mod-php7.0 libmcrypt4 php-common php7.0 php7.0-cli php7.0-common
  php7.0-json php7.0-mcrypt php7.0-mysql php7.0-opcache php7.0-readline
Suggested packages:
  php-pear libmcrypt-dev mcrypt
The following NEW packages will be installed:
  libapache2-mod-php libapache2-mod-php7.0 libmcrypt4 php php-common
  php-mcrypt php-mysql php7.0 php7.0-cli php7.0-common php7.0-json
  php7.0-mcrypt php7.0-mysql php7.0-opcache php7.0-readline
0 upgraded, 15 newly installed, 0 to remove and 121 not upgraded.
Need to get 3,678 kB of archives.
After this operation, 14.7 MB of additional disk space will be used.
Do you want to continue? [Y/n] Y
Get:1 http://us.archive.ubuntu.com/ubuntu xenial-updates/main amd64 php-common all 1:35ubuntu6.1 [10.8 kB]
Get:2 http://us.archive.ubuntu.com/ubuntu xenial-updates/main amd64 php7.0-common amd64 7.0.30-0ubuntu0.16.04.1 [840 kB]
Get:3 http://us.archive.ubuntu.com/ubuntu xenial-updates/main amd64 php7.0-json amd64 7.0.30-0ubuntu0.16.04.1 [16.9 kB]
Get:4 http://us.archive.ubuntu.com/ubuntu xenial-updates/main amd64 php7.0-opcache amd64 7.0.30-0ubuntu0.16.04.1 [77.2 kB]
Get:5 http://us.archive.ubuntu.com/ubuntu xenial-updates/main amd64 php7.0-readline amd64 7.0.30-0ubuntu0.16.04.1 [12.8 kB]
Get:6 http://us.archive.ubuntu.com/ubuntu xenial-updates/main amd64 php7.0-cli amd64 7.0.30-0ubuntu0.16.04.1 [1,282 kB]
Get:7 http://us.archive.ubuntu.com/ubuntu xenial-updates/main amd64 libapache2-mod-php7.0 amd64 7.0.30-0ubuntu0.16.04.1 [1,224 kB]
Get:8 http://us.archive.ubuntu.com/ubuntu xenial-updates/main amd64 libapache2-mod-php all 1:7.0+35ubuntu6.1 [2,990 B]
Get:9 http://us.archive.ubuntu.com/ubuntu xenial/universe amd64 libmcrypt4 amd64 2.5.8-3.3 [63.0 kB]
Get:10 http://us.archive.ubuntu.com/ubuntu xenial-updates/main amd64 php7.0 all 7.0.30-0ubuntu0.16.04.1 [1,294 B]
Get:11 http://us.archive.ubuntu.com/ubuntu xenial-updates/main amd64 php all 1:7.0+35ubuntu6.1 [2,862 B]
Get:12 http://us.archive.ubuntu.com/ubuntu xenial-updates/universe amd64 php7.0-mcrypt amd64 7.0.30-0ubuntu0.16.04.1 [14.5 kB]
Get:13 http://us.archive.ubuntu.com/ubuntu xenial-updates/universe amd64 php-mcrypt all 1:7.0+35ubuntu6.1 [1,934 B]
Get:14 http://us.archive.ubuntu.com/ubuntu xenial-updates/main amd64 php7.0-mysql amd64 7.0.30-0ubuntu0.16.04.1 [125 kB]
Get:15 http://us.archive.ubuntu.com/ubuntu xenial-updates/main amd64 php-mysql all 1:7.0+35ubuntu6.1 [1,928 B]
Fetched 3,678 kB in 16s (218 kB/s)
Selecting previously unselected package php-common.
(Reading database ... 93703 files and directories currently installed.)
Preparing to unpack .../php-common_1%3a35ubuntu6.1_all.deb ...
Unpacking php-common (1:35ubuntu6.1) ...
Selecting previously unselected package php7.0-common.
Preparing to unpack .../php7.0-common_7.0.30-0ubuntu0.16.04.1_amd64.deb ...
Unpacking php7.0-common (7.0.30-0ubuntu0.16.04.1) ...
Selecting previously unselected package php7.0-json.
Preparing to unpack .../php7.0-json_7.0.30-0ubuntu0.16.04.1_amd64.deb ...
Unpacking php7.0-json (7.0.30-0ubuntu0.16.04.1) ...
Selecting previously unselected package php7.0-opcache.
Preparing to unpack .../php7.0-opcache_7.0.30-0ubuntu0.16.04.1_amd64.deb ...
Unpacking php7.0-opcache (7.0.30-0ubuntu0.16.04.1) ...
Selecting previously unselected package php7.0-readline.
Preparing to unpack .../php7.0-readline_7.0.30-0ubuntu0.16.04.1_amd64.deb ...
Unpacking php7.0-readline (7.0.30-0ubuntu0.16.04.1) ...
Selecting previously unselected package php7.0-cli.
Preparing to unpack .../php7.0-cli_7.0.30-0ubuntu0.16.04.1_amd64.deb ...
Unpacking php7.0-cli (7.0.30-0ubuntu0.16.04.1) ...
Selecting previously unselected package libapache2-mod-php7.0.
Preparing to unpack .../libapache2-mod-php7.0_7.0.30-0ubuntu0.16.04.1_amd64.deb ...
Unpacking libapache2-mod-php7.0 (7.0.30-0ubuntu0.16.04.1) ...
Selecting previously unselected package libapache2-mod-php.
Preparing to unpack .../libapache2-mod-php_1%3a7.0+35ubuntu6.1_all.deb ...
Unpacking libapache2-mod-php (1:7.0+35ubuntu6.1) ...
Selecting previously unselected package libmcrypt4.
Preparing to unpack .../libmcrypt4_2.5.8-3.3_amd64.deb ...
Unpacking libmcrypt4 (2.5.8-3.3) ...
Selecting previously unselected package php7.0.
Preparing to unpack .../php7.0_7.0.30-0ubuntu0.16.04.1_all.deb ...
Unpacking php7.0 (7.0.30-0ubuntu0.16.04.1) ...
Selecting previously unselected package php.
Preparing to unpack .../php_1%3a7.0+35ubuntu6.1_all.deb ...
Unpacking php (1:7.0+35ubuntu6.1) ...
Selecting previously unselected package php7.0-mcrypt.
Preparing to unpack .../php7.0-mcrypt_7.0.30-0ubuntu0.16.04.1_amd64.deb ...
Unpacking php7.0-mcrypt (7.0.30-0ubuntu0.16.04.1) ...
Selecting previously unselected package php-mcrypt.
Preparing to unpack .../php-mcrypt_1%3a7.0+35ubuntu6.1_all.deb ...
Unpacking php-mcrypt (1:7.0+35ubuntu6.1) ...
Selecting previously unselected package php7.0-mysql.
Preparing to unpack .../php7.0-mysql_7.0.30-0ubuntu0.16.04.1_amd64.deb ...
Unpacking php7.0-mysql (7.0.30-0ubuntu0.16.04.1) ...
Selecting previously unselected package php-mysql.
Preparing to unpack .../php-mysql_1%3a7.0+35ubuntu6.1_all.deb ...
Unpacking php-mysql (1:7.0+35ubuntu6.1) ...
Processing triggers for man-db (2.7.5-1) ...
Setting up php-common (1:35ubuntu6.1) ...
Setting up php7.0-common (7.0.30-0ubuntu0.16.04.1) ...

Creating config file /etc/php/7.0/mods-available/calendar.ini with new version

Creating config file /etc/php/7.0/mods-available/ctype.ini with new version

Creating config file /etc/php/7.0/mods-available/exif.ini with new version

Creating config file /etc/php/7.0/mods-available/fileinfo.ini with new version

Creating config file /etc/php/7.0/mods-available/ftp.ini with new version

Creating config file /etc/php/7.0/mods-available/gettext.ini with new version

Creating config file /etc/php/7.0/mods-available/iconv.ini with new version

Creating config file /etc/php/7.0/mods-available/pdo.ini with new version

Creating config file /etc/php/7.0/mods-available/phar.ini with new version

Creating config file /etc/php/7.0/mods-available/posix.ini with new version

Creating config file /etc/php/7.0/mods-available/shmop.ini with new version

Creating config file /etc/php/7.0/mods-available/sockets.ini with new version

Creating config file /etc/php/7.0/mods-available/sysvmsg.ini with new version

Creating config file /etc/php/7.0/mods-available/sysvsem.ini with new version

Creating config file /etc/php/7.0/mods-available/sysvshm.ini with new version

Creating config file /etc/php/7.0/mods-available/tokenizer.ini with new version
Setting up php7.0-json (7.0.30-0ubuntu0.16.04.1) ...

Creating config file /etc/php/7.0/mods-available/json.ini with new version
Setting up php7.0-opcache (7.0.30-0ubuntu0.16.04.1) ...

Creating config file /etc/php/7.0/mods-available/opcache.ini with new version
Setting up php7.0-readline (7.0.30-0ubuntu0.16.04.1) ...

Creating config file /etc/php/7.0/mods-available/readline.ini with new version
Setting up php7.0-cli (7.0.30-0ubuntu0.16.04.1) ...
update-alternatives: using /usr/bin/php7.0 to provide /usr/bin/php (php) in auto mode
update-alternatives: using /usr/bin/phar7.0 to provide /usr/bin/phar (phar) in auto mode
update-alternatives: using /usr/bin/phar.phar7.0 to provide /usr/bin/phar.phar (phar.phar) in auto mode

Creating config file /etc/php/7.0/cli/php.ini with new version
Setting up libapache2-mod-php7.0 (7.0.30-0ubuntu0.16.04.1) ...

Creating config file /etc/php/7.0/apache2/php.ini with new version
Module mpm_event disabled.
Enabling module mpm_prefork.
apache2_switch_mpm Switch to prefork
apache2_invoke: Enable module php7.0
Setting up libapache2-mod-php (1:7.0+35ubuntu6.1) ...
Setting up libmcrypt4 (2.5.8-3.3) ...
Setting up php7.0 (7.0.30-0ubuntu0.16.04.1) ...
Setting up php (1:7.0+35ubuntu6.1) ...
Setting up php7.0-mcrypt (7.0.30-0ubuntu0.16.04.1) ...

Creating config file /etc/php/7.0/mods-available/mcrypt.ini with new version
Setting up php-mcrypt (1:7.0+35ubuntu6.1) ...
Setting up php7.0-mysql (7.0.30-0ubuntu0.16.04.1) ...

Creating config file /etc/php/7.0/mods-available/mysqlnd.ini with new version

Creating config file /etc/php/7.0/mods-available/mysqli.ini with new version

Creating config file /etc/php/7.0/mods-available/pdo_mysql.ini with new version
Setting up php-mysql (1:7.0+35ubuntu6.1) ...
Processing triggers for libc-bin (2.23-0ubuntu10) ...
Processing triggers for libapache2-mod-php7.0 (7.0.30-0ubuntu0.16.04.1) ...
root@em-voip-qa:/# cat /etc/apache2/mods-enabled/dir.conf
<IfModule mod_dir.c>
        DirectoryIndex index.html index.cgi index.pl index.php index.xhtml index.htm
</IfModule>

# vim: syntax=apache ts=4 sw=4 sts=4 sr noet
root@em-voip-qa:/# vi /etc/apache2/mods-enabled/dir.conf
root@em-voip-qa:/# cat /etc/apache2/mods-enabled/dir.conf
<IfModule mod_dir.c>
        DirectoryIndex index.php index.html index.cgi index.pl index.xhtml index.htm
</IfModule>

# vim: syntax=apache ts=4 sw=4 sts=4 sr noet
root@em-voip-qa:/# sudo systemctl restart apache2
root@em-voip-qa:/# sudo systemctl status apache2
‚óè apache2.service - LSB: Apache2 web server
   Loaded: loaded (/etc/init.d/apache2; bad; vendor preset: enabled)
  Drop-In: /lib/systemd/system/apache2.service.d
           ‚îî‚îÄapache2-systemd.conf
   Active: active (running) since Wed 2018-06-27 19:49:32 IST; 1min 24s ago
     Docs: man:systemd-sysv-generator(8)
  Process: 12869 ExecStop=/etc/init.d/apache2 stop (code=exited, status=0/SUCCES
  Process: 12896 ExecStart=/etc/init.d/apache2 start (code=exited, status=0/SUCC
    Tasks: 6
   Memory: 15.3M
      CPU: 96ms
   CGroup: /system.slice/apache2.service
           ‚îú‚îÄ12913 /usr/sbin/apache2 -k start
           ‚îú‚îÄ12916 /usr/sbin/apache2 -k start
           ‚îú‚îÄ12917 /usr/sbin/apache2 -k start
           ‚îú‚îÄ12918 /usr/sbin/apache2 -k start
           ‚îú‚îÄ12919 /usr/sbin/apache2 -k start
           ‚îî‚îÄ12920 /usr/sbin/apache2 -k start

Jun 27 19:49:31 em-voip-qa systemd[1]: Starting LSB: Apache2 web server...
Jun 27 19:49:31 em-voip-qa apache2[12896]:  * Starting Apache httpd web server a
Jun 27 19:49:32 em-voip-qa apache2[12896]:  *
Jun 27 19:49:32 em-voip-qa systemd[1]: Started LSB: Apache2 web server.

root@em-voip-qa:/# e

=~=~=~=~=~=~=~=~=~=~=~= PuTTY log 2018.06.27 19:59:32 =~=~=~=~=~=~=~=~=~=~=~=
login as: vinoth
vinoth@192.168.4.213's password: 
Welcome to Ubuntu 16.04.1 LTS (GNU/Linux 4.4.0-128-generic x86_64)

 * Documentation:  https://help.ubuntu.com
 * Management:     https://landscape.canonical.com
 * Support:        https://ubuntu.com/advantage

123 packages can be updated.
1 update is a security update.



The programs included with the Ubuntu system are free software;
the exact distribution terms for each program are described in the
individual files in /usr/share/doc/*/copyright.

Ubuntu comes with ABSOLUTELY NO WARRANTY, to the extent permitted by
applicable law.


The programs included with the Ubuntu system are free software;
the exact distribution terms for each program are described in the
individual files in /usr/share/doc/*/copyright.

Ubuntu comes with ABSOLUTELY NO WARRANTY, to the extent permitted by
applicable law.

Last login: Wed Jun 27 19:57:47 2018 from 10.254.1.8
Could not chdir to home directory /home/vinoth: Permission denied
To run a command as administrator (user "root"), use "sudo <command>".
See "man sudo_root" for details.

-bash: /home/vinoth/.bash_profile: Permission denied
vinoth@em-voip-qa:/$ sudo bash
[sudo] password for vinoth: 
]0;root@em-voip-qa: /root@em-voip-qa:/# [H[2J]0;root@em-voip-qa: /root@em-voip-qa:/# apt-cache search php- | less
[?1049h[?1h=libnet-libidn-perl - Perl bindings for GNU Libidn
php-all-dev - package depending on all supported PHP development packages
php-cgi - server-side, HTML-embedded scripting language (CGI binary) (default)
php-cli - command-line interpreter for the PHP scripting language (default)
php-common - Common files for PHP packages
php-curl - CURL module for PHP [default]
php-dev - Files for PHP module development (default)
php-gd - GD module for PHP [default]
php-gmp - GMP module for PHP [default]
php-ldap - LDAP module for PHP [default]
php-mysql - MySQL module for PHP [default]
php-odbc - ODBC module for PHP [default]
php-pear - PEAR Base System
php-pgsql - PostgreSQL module for PHP [default]
php-pspell - pspell module for PHP [default]
php-recode - recode module for PHP [default]
php-snmp - SNMP module for PHP [default]
php-sqlite3 - SQLite3 module for PHP [default]
php-tidy - tidy module for PHP [default]
php-xmlrpc - XMLRPC-EPI module for PHP [default]
php7.0-cgi - server-side, HTML-embedded scripting language (CGI binary)
php7.0-cli - command-line interpreter for the PHP scripting language
php7.0-common - documentation, examples and common module for PHP
:[K[Kphp7.0-curl - CURL module for PHP
:[K[Kphp7.0-gd - GD module for PHP
:[K[Kphp7.0-gmp - GMP module for PHP
:[K[Kphp7.0-json - JSON module for PHP
:[K[Kphp7.0-ldap - LDAP module for PHP
:[K[Kphp7.0-mysql - MySQL module for PHP
:[K[Kphp7.0-odbc - ODBC module for PHP
:[K[Kphp7.0-opcache - Zend OpCache module for PHP
:[K[Kphp7.0-pgsql - PostgreSQL module for PHP
:[K[Kphp7.0-pspell - pspell module for PHP
:[K[Kphp7.0-readline - readline module for PHP
:[K[Kphp7.0-recode - recode module for PHP
:[K[Kphp7.0-snmp - SNMP module for PHP
:[K[Kphp7.0-sqlite3 - SQLite3 module for PHP
:[K[Kphp7.0-tidy - tidy module for PHP
:[K[Kphp7.0-xml - DOM, SimpleXML, WDDX, XML, and XSL module for PHP
:[K[Kphp7.0-xmlrpc - XMLRPC-EPI module for PHP
:[K[Kpkg-php-tools - various packaging tools and scripts for PHP packages
:[K[Kbandwidthd-pgsql - Tracks usage of TCP/IP and builds html files with graphs
:[K[Kbluefish - advanced Gtk+ text editor for web and software development
:[K[Kcacti - web interface for graphing of monitoring systems
:[K[Kcakephp-scripts - rapid application development framework for PHP (scripts)
:[K[Kganglia-webfrontend - cluster monitoring toolkit - web front-end
:[K[Khaserl - CGI scripting program for embedded environments
:[K[Kkdevelop-php-dbg - debugging symbols for the KDevelop PHP plugin
:[K[Kkdevelop-php-docs - PHP documentation plugin for KDevelop
:[K[Kkdevelop-php-docs-l10n - localization files for KDevelop PHP documentation plugi :[K[Kn
:[K[Kkdevelop-php-l10n - localization files for KDevelop PHP plugin
:[K[Klibcode-tidyall-perl - your all-in-one code tidier and validator
:[K[Klibphp-adodb - ADOdb is a PHP database abstraction layer library
:[K[Klibphp-embed - HTML-embedded scripting language (Embedded SAPI library) (default :[K[K)
:[K[Klibphp-jabber - Object-oriented PHP interface for the Jabber/XMPP protocol
:[K[Klibphp-magpierss - provides an XML-based RSS parser in PHP
:[K[Klibphp-pclzip - transitional dummy package
:[K[Klibphp-phpmailer - full featured email transfer class for PHP
:[K[Klibphp-predis - Flexible and feature-complete PHP client library for the Redis k :[K[Key-value store
:[K[Klibphp-serialization-perl - Perl module to manipulate serialized PHP data struct :[K[Kures
:[K[Klibphp-simplepie - RSS and Atom feed parsing in PHP
:[K[Klibphp-snoopy - Snoopy is a PHP class that simulates a web browser
:[K[Klibphp-swiftmailer - transitional dummy package
:[K[Klibphp7.0-embed - HTML-embedded scripting language (Embedded SAPI library)
:[K[Kmlmmj-php-web - web interface for mlmmj, written in php
:[K[Kmlmmj-php-web-admin - administrative web interface for mlmmj, written in php
:[K[Kpdepend - design quality metrics for PHP packages
:[K[Kphp-amqp - AMQP extension for PHP
:[K[Kphp-amqplib - pure PHP implementation of the AMQP protocol
:[K[Kphp-analog - PHP micro logging package
:[K[Kphp-apcu - APC User Cache for PHP
:[K[Kphp-apigen - PHP source code API generator
:[K[Kphp-apigen-theme-bootstrap - Twitter Bootstrap theme for ApiGen
:[K[Kphp-apigen-theme-default - Default theme for ApiGen
:[K[Kphp-assetic - Asset Management for PHP
:[K[Kphp-ast - AST extension for PHP 7
:[K[Kphp-auth - Creating an authentication system
:[K[Kphp-auth-http - HTTP authentication
:[K[Kphp-auth-sasl - Abstraction of various SASL mechanism responses
:[K[Kphp-aws-sdk - software development kit to build solutions for Amazon
:[K[Kphp-bcmath - Bcmath module for PHP [default]
:[K[Kphp-bz2 - bzip2 module for PHP [default]
:[K[Kphp-cache - framework for caching of arbitrary data
:[K[Kphp-cache-lite - Fast and Safe little cache system
:[K[Kphp-cas - Central Authentication Service client library in php
:[K[Kphp-cli-prompt - tiny helper prompting for user input
:[K[Kphp-codecoverage - collection, processing, and rendering for code coverage
:[K[Kphp-codesniffer - PHP, CSS and JavaScript coding standard analyzer and checker
:[K[Kphp-compat - Provides components to achieve PHP version independence
:[K[Kphp-composer-semver - Semver library that offers utilities, version constraint p :[K[Karsing and
:[K[Kphp-composer-spdx-licenses - SPDX licenses list and validation library
:[K[Kphp-console-commandline - A full featured command line options and arguments par :[K[Kser
:[K[Kphp-console-table - Library that makes it easy to build console style tables
:[K[Kphp-crypt-blowfish - Allows for quick two-way blowfish encryption without requir :[K[King the MCrypt PHP extension
:[K[Kphp-crypt-cbc - PEAR class to emulate Perl's Crypt::CBC module
:[K[Kphp-crypt-chap - Generating CHAP packets
:[K[Kphp-crypt-gpg - PHP PEAR module for encrypting and decrypting with GnuPG
:[K[Kphp-cssmin - CSS minification class
:[K[Kphp-date - Generic date/time handling class for PEAR
:[K[Kphp-db - PHP PEAR Database Abstraction Layer
:[K[Kphp-deepcopy - create deep copies (clones) of objects
:[K[Kphp-directory-scanner - recursive directory scanner and filter
:[K[Kphp-doc - Documentation for PHP5
:[K[Kphp-doctrine-annotations - Docblock Annotations Parser - Doctrine component
:[K[Kphp-doctrine-bundle - bundle library - Doctrine component
:[K[Kphp-doctrine-cache - cache library - Doctrine component
:[K[Kphp-doctrine-cache-bundle - cache bundle library - Doctrine component
:[K[Kphp-doctrine-collections - Collections Abstraction library - Doctrine component
:[K[Kphp-doctrine-common - common extensions for Doctrine
:[K[Kphp-doctrine-data-fixtures - Data Fixtures for all Doctrine Object Managers
:[K[Kphp-doctrine-dbal - database abstraction layer for Doctrine
:[K[Kphp-doctrine-inflector - string manipulations library - Doctrine component
:[K[Kphp-doctrine-instantiator - lightweight utility to instantiate objects in PHP
:[K[Kphp-doctrine-lexer - base lexer library - Doctrine component
:[K[Kphp-doctrine-orm - tool for object-relational mapping
:[K[Kphp-dompdf - HTML to PDF converter
:[K[Kphp-dropbox - Dropbox API library
:[K[Kphp-elisp - Emacs support for php files
:[K[Kphp-email-validator - A library for validating emails
:[K[Kphp-enchant - Enchant module for PHP [default]
:[K[Kphp-fdomdocument - extension to PHP's standard DOM
:[K[Kphp-file-iterator - FilterIterator implementation for PHP
:[K[Kphp-finder-facade - convenience wrapper for Symfony's Finder component
:[K[Kphp-finder-facade-doc - convenience wrapper for Symfony's Finder component - doc :[K[Kumentation
:[K[Kphp-font-lib - read, parse, export and make subsets of different fonts
:[K[Kphp-fpdf - PHP class to generate PDF files
:[K[Kphp-fpm - server-side, HTML-embedded scripting language (FPM-CGI binary) (defaul :[K[Kt)
:[K[Kphp-fshl - Fast Syntax HighLighter
:[K[Kphp-fxsl - XSL wrapper and extension to XSLTProcessor
:[K[Kphp-geoip - GeoIP module for PHP
:[K[Kphp-geshi - Generic Syntax Highlighter
:[K[Kphp-getid3 - scripts to extract information from multimedia files
:[K[Kphp-gettext - read gettext MO files directly, without requiring anything other t :[K[Khan PHP
:[K[Kphp-gnupg - wrapper around the gpgme library
:[K[Kphp-google-api-php-client - Google APIs client library for PHP
:[K[Kphp-google-auth - Google Auth Library for PHP
:[K[Kphp-guzzle-stream - implementation of the proposed PSR-7 stream interface
:[K[Kphp-guzzlehttp - object-oriented PHP HTTP client
:[K[Kphp-guzzlehttp-promises - Guzzle promises library
:[K[Kphp-guzzlehttp-psr7 - PSR-7 message implementation
:[K[Kphp-guzzlehttp-ringphp - Ring adapter and handler system for Guzzle
:[K[Kphp-guzzlehttp-ringphp-doc - Ring adapter and handler system for Guzzle - docume :[K[Kntation
:[K[Kphp-hamcrest - This is the PHP port of Hamcrest Matchers
:[K[Kphp-horde - Horde Application Framework
:[K[Kphp-horde-activesync - Horde ActiveSync Server Library
:[K[Kphp-horde-alarm - Horde Alarm Libraries
:[K[Kphp-horde-ansel - Photo management application
:[K[Kphp-horde-argv - Horde command-line argument parsing package
:[K[Kphp-horde-auth - Horde Authentication API
:[K[Kphp-horde-autoloader - Horde Autoloader
:[K[Kphp-horde-browser - Horde Browser API
:[K[Kphp-horde-cache - Horde Caching API
:[K[Kphp-horde-cli - Horde Command Line Interface API
:[K[Kphp-horde-compress - Horde Compression API
:[K[Kphp-horde-compress-fast - Fast Compression Library
:[K[Kphp-horde-constraint - Horde Constraint library
:[K[Kphp-horde-content - Tagging application
:[K[Kphp-horde-controller - Horde Controller libraries
:[K[Kphp-horde-core - Horde Core Framework libraries
:[K[Kphp-horde-crypt - Horde Cryptography API
:[K[Kphp-horde-crypt-blowfish - Blowfish Encryption Library
:[K[Kphp-horde-css-parser - Horde CSS Parser
:[K[Kphp-horde-cssminify - CSS Minification
:[K[Kphp-horde-data - Horde Data API
:[K[Kphp-horde-date - Horde Date package
:[K[Kphp-horde-date-parser - Horde Date Parser
:[K[Kphp-horde-dav - Horde library for WebDAV, CalDAV, CardDAV
:[K[Kphp-horde-db - Horde Database Libraries
:[K[Kphp-horde-editor - Horde Editor API
:[K[Kphp-horde-elasticsearch - Horde ElasticSearch client
:[K[Kphp-horde-exception - Horde Exception Handler
:[K[Kphp-horde-feed - Horde Feed libraries
:[K[Kphp-horde-form - Horde Form API
:[K[Kphp-horde-gollem - Web-based file manager
:[K[Kphp-horde-group - Horde User Groups System
:[K[Kphp-horde-groupware - Horde Groupware
:[K[Kphp-horde-hashtable - Horde Hash Table Interface
:[K[Kphp-horde-history - API for tracking the history of an object
:[K[Kphp-horde-http - Horde HTTP libraries
:[K[Kphp-horde-icalendar - iCalendar API
:[K[Kphp-horde-idna - IDNA backend normalization package
:[K[Kphp-horde-image - Horde Image API
:[K[Kphp-horde-imap-client - Horde IMAP Client
:[K[Kphp-horde-imp - A web based webmail system
:[K[Kphp-horde-imsp - IMSP API
:[K[Kphp-horde-ingo - An email filter rules manager
:[K[Kphp-horde-injector - Horde dependency injection container
:[K[Kphp-horde-itip - iTip invitation response handling
:[K[Kphp-horde-javascriptminify - Javascript Minification
:[K[Kphp-horde-kolab-format - A package for reading/writing Kolab data formats
:[K[Kphp-horde-kolab-server - A package for manipulating the Kolab user database
:[K[Kphp-horde-kolab-session - A package managing an active Kolab session
:[K[Kphp-horde-kolab-storage - A package for handling Kolab data stored on an IMAP se :[K[Krver
:[K[Kphp-horde-kronolith - A web based calendar
:[K[Kphp-horde-ldap - Horde LDAP libraries
:[K[Kphp-horde-listheaders - Horde List Headers Parsing Library
:[K[Kphp-horde-lock - Horde Resource Locking System
:[K[Kphp-horde-log - Horde Logging library
:[K[Kphp-horde-logintasks - Horde Login Tasks System
:[K[Kphp-horde-lz4 - Horde LZ4 Compression Extension
:[K[Kphp-horde-mail - Horde Mail Library
:[K[Kphp-horde-mail-autoconfig - Horde Mail Autoconfiguration
:[K[Kphp-horde-mapi - MAPI utility library
:[K[Kphp-horde-memcache - Horde Memcache API
:[K[Kphp-horde-mime - Horde MIME Library
:[K[Kphp-horde-mime-viewer - Horde MIME Viewer Library
:[K[Kphp-horde-mnemo - A web based notes manager
:[K[Kphp-horde-nag - A web based task list manager
:[K[Kphp-horde-nls - Native Language Support (NLS)
:[K[Kphp-horde-notification - Horde Notification System
:[K[Kphp-horde-oauth - Horde OAuth client/server
:[K[Kphp-horde-openxchange - Open-Xchange Connector
:[K[Kphp-horde-pack - Horde Pack Utility
:[K[Kphp-horde-passwd - Horde password changing application
:[K[Kphp-horde-pdf - Horde PDF library
:[K[Kphp-horde-perms - Horde Permissions System
:[K[Kphp-horde-prefs - Horde Preferences API
:[K[Kphp-horde-queue - Horde Queue
:[K[Kphp-horde-rdo - Rampage Data Objects
:[K[Kphp-horde-role - PEAR installer role used to install Horde components
:[K[Kphp-horde-routes - Horde Routes URL mapping system
:[K[Kphp-horde-rpc - Horde RPC API
:[K[Kphp-horde-scheduler - Horde Scheduler System
:[K[Kphp-horde-scribe - Scribe
:[K[Kphp-horde-secret - Secret Encryption API
:[K[Kphp-horde-serialize - Data Encapulation API
:[K[Kphp-horde-service-facebook - Horde Facebook client
:[K[Kphp-horde-service-gravatar - API accessor for gravatar.com
:[K[Kphp-horde-service-twitter - Horde Twitter client
:[K[Kphp-horde-service-urlshortener - Horde_Service_UrlShortener Class
:[K[Kphp-horde-service-weather - Horde Weather Provider
:[K[Kphp-horde-sesha - A simple Inventory App for Horde
:[K[Kphp-horde-sessionhandler - Horde Session Handler API
:[K[Kphp-horde-share - Horde Shared Permissions System
:[K[Kphp-horde-smtp - Horde SMTP Client
:[K[Kphp-horde-socket-client - Horde Socket Client
:[K[Kphp-horde-spellchecker - Spellcheck API
:[K[Kphp-horde-stream - Horde stream handler
:[K[Kphp-horde-stream-filter - Horde Stream filters
:[K[Kphp-horde-stream-wrapper - Horde Stream wrappers
:[K[Kphp-horde-support - Horde support package
:[K[Kphp-horde-syncml - Horde_SyncMl provides an API for processing SyncML requests
:[K[Kphp-horde-template - Horde Template System
:[K[Kphp-horde-test - Horde testing base classes
:[K[Kphp-horde-text-diff - Engine for performing and rendering text diffs
:[K[Kphp-horde-text-filter - Horde Text Filter API
:[K[Kphp-horde-text-flowed - Horde API for flowed text as per RFC 3676
:[K[Kphp-horde-thrift - Thrift
:[K[Kphp-horde-timeobjects - Horde timeobjects application
:[K[Kphp-horde-timezone - Timezone library
:[K[Kphp-horde-token - Horde Token API
:[K[Kphp-horde-translation - Horde translation library
:[K[Kphp-horde-trean - Web-based bookmarks application
:[K[Kphp-horde-tree - Horde Tree API
:[K[Kphp-horde-turba - A web based address book
:[K[Kphp-horde-url - Horde Url class
:[K[Kphp-horde-util - Horde Utility Libraries
:[K[Kphp-horde-vfs - Virtual File System API
:[K[Kphp-horde-view - Horde View API
:[K[Kphp-horde-webmail - Horde Groupware Webmail Edition
:[K[Kphp-horde-whups - Ticket-tracking application
:[K[K [KESCESC[K::[K:[K[K[?1l>[?1049l]0;root@em-voip-qa: /root@em-voip-qa:/# apt-cache show package_nameapt-cache show package_name[K[K[K[K[K[K[K[K[K[K[K[K[K[K[K[K[K[K[K^C
]0;root@em-voip-qa: /root@em-voip-qa:/# apt-cache show package_name
N: Unable to locate package package_name
E: No packages found
]0;root@em-voip-qa: /root@em-voip-qa:/# apt-cache show package_nameearch php- | less[1Phow package_nameapt-cache show package_name[K[K[K[K[K[K[K[K[K[K[K[K[K[K[K[K[K[K[K[K[K[K[K[K[K[K[K[K[K[K[K[K[K[K[K[K[K[K[K[K[K[K[K[K[K[K[K[K[K[K[K[K[K[Kapt-cache show php-cli
Package: php-cli
Architecture: all
Version: 1:7.0+35ubuntu6.1
Priority: optional
Section: php
Source: php-defaults (35ubuntu6.1)
Origin: Ubuntu
Maintainer: Ubuntu Developers <ubuntu-devel-discuss@lists.ubuntu.com>
Original-Maintainer: Debian PHP Maintainers <pkg-php-maint@lists.alioth.debian.org>
Bugs: https://bugs.launchpad.net/ubuntu/+filebug
Installed-Size: 11
Depends: php7.0-cli
Filename: pool/main/p/php-defaults/php-cli_7.0+35ubuntu6.1_all.deb
Size: 2946
MD5sum: 122248328224b7748a3ab604e4bb730b
SHA1: b6c6f7af693b2c79edaec82ba7ee35ab430d533f
SHA256: bf3a8b5452d1f8aa7ac73e7871725f4a3245513da2b0382e85678232bd66f3a1
Description-en: command-line interpreter for the PHP scripting language (default)
 This package provides the /usr/bin/php command interpreter, useful for
 testing PHP scripts from a shell or performing general shell scripting tasks.
 .
 PHP (recursive acronym for PHP: Hypertext Preprocessor) is a widely-used
 open source general-purpose scripting language that is especially suited
 for web development and can be embedded into HTML.
 .
 This package is a dependency package, which depends on Debian's default
 PHP version (currently 7.0).
Description-md5: 566e36ddf36c48af1178c2f11883d22e
Supported: 5y

Package: php-cli
Priority: optional
Section: php
Installed-Size: 11
Maintainer: Ubuntu Developers <ubuntu-devel-discuss@lists.ubuntu.com>
Original-Maintainer: Debian PHP Maintainers <pkg-php-maint@lists.alioth.debian.org>
Architecture: all
Source: php-defaults (35ubuntu6)
Version: 1:7.0+35ubuntu6
Depends: php7.0-cli
Filename: pool/main/p/php-defaults/php-cli_7.0+35ubuntu6_all.deb
Size: 2920
MD5sum: c01d4478fd2c122d043f949d4d9e30fb
SHA1: 0ebbd851f388fb60a943c26afeb4c7b94abcbd61
SHA256: 6ba45b12513c2430f244d4f3e88ef5dd0fe5721141bb55ce82575b5f2495b7de
Description-en: command-line interpreter for the PHP scripting language (default)
 This package provides the /usr/bin/php command interpreter, useful for
 testing PHP scripts from a shell or performing general shell scripting tasks.
 .
 PHP (recursive acronym for PHP: Hypertext Preprocessor) is a widely-used
 open source general-purpose scripting language that is especially suited
 for web development and can be embedded into HTML.
 .
 This package is a dependency package, which depends on Debian's default
 PHP version (currently 7.0).
Description-md5: 566e36ddf36c48af1178c2f11883d22e
Bugs: https://bugs.launchpad.net/ubuntu/+filebug
Origin: Ubuntu
Supported: 5y

]0;root@em-voip-qa: /root@em-voip-qa:/# vi /var/www/html/info.php
[?1049h[?1h=[2;1H‚ñΩ[6n[2;1H  [1;1H]11;?[1;24r[?12;25h[?12l[?25h[27m[23m[m[H[2J[?25l[24;1H"/var/www/html/info.php" [New File][>c[2;1H[1m[34m~                                                                               [3;1H~                                                                               [4;1H~                                                                               [5;1H~                                                                               [6;1H~                                                                               [7;1H~                                                                               [8;1H~                                                                               [9;1H~                                                                               [10;1H~                                                                               [11;1H~                                                                               [12;1H~                                                                               [13;1H~                                                                               [14;1H~                                                                               [15;1H~                                                                               [16;1H~                                                                               [17;1H~                                                                               [18;1H~                                                                               [19;1H~                                                                               [20;1H~                                                                               [21;1H~                                                                               [22;1H~                                                                               [23;1H~                                                                               [m[24;63H0,0-1[9CAll[1;1H[?12l[?25h[?25l[24;1H[K[24;1H?php[31msearch hit TOP, continuing at BOTTOM[m[1m[37m[41mE486: Pattern not found: php[m[24;29H[K[24;63H0,0-1[9CAll[1;1H[?12l[?25h[?25l[24;2H[1m[37m[41m353: Nothing in register "p[m[24;28H[K[24;63H0,0-1[9CAll[1;1H[?12l[?25h[?25l[24;63H[K[24;63H0,0-1[9CAll[1;1H[?12l[?25h[?25l[24;1H[1m--[m[1m[37m[41m5[m[1m INSERT[m[1m[37m[41mh[m[1m --[m[1m[37m[41mg[m[24;13H[K[24;63H0,1[11CAll[1;1Hnfo();
?[1m[37m[41m>[m[2;3H[K[24;63H2,3[2;3H[?12l[?25h[?25l[2;2H[K[24;65H2[2;2H[?12l[?25h[?25l[2;1H[K[24;65H1[2;1H[?12l[?25h[?25l[1;6H[K[2;1H[1m[34m~                                                                               [m[1;4H[46m()[m[24;63H1,6[1;6H[?12l[?25h[?25l[1;5H[K[1;4H([24;65H5[1;5H[?12l[?25h[?25l[1;4H[K[24;65H4[1;4H[?12l[?25h[?25l[1;3H[K[24;65H3[1;3H[?12l[?25h[?25l[1;2H[K[24;65H2[1;2H[?12l[?25h[?25l[1;1H[K[24;65H1[1;1H[?12l[?25h[?25li[24;65H2[1;2H[?12l[?25h[?25l[35m<?php[m
[36mphpinfo[m[35m()[m;[2;11H[K[3;1H[35m?>[m[3;3H[K[24;63H3,3[3;3H[?12l[?25h; [24;1H[K[?25l[24;63H3,2[11CAll[3;2H[?12l[?25h[?25l[24;63H[K[24;1H:[?12l[?25hx[?25l[?12l[?25h![?25l[?12l[?25h[?25l"/var/www/html/info.php" [New] 3L, 21C written
[?1l>[?12l[?25h[?1049l]0;root@em-voip-qa: /root@em-voip-qa:/# [A[K[Kvi /var/www/html/info.php[1P[1P /var/www/html/info.php[C[C[C[C[C[C[C[C[C[C[C[C[C[C[C[C[C[C[Cc /var/www/html/info.php[C[C[C[C[C[C[C[C[C[C[C[C[C[C[C[C[C[C[C[Ca /var/www/html/info.php[C[C[C[C[C[C[C[C[C[C[C[C[C[C[C[C[C[C[C[C[Ct /var/www/html/info.php[C[C[C[C[C[C[C[C[C[C[C[C[C[C[C[C[C[C[C[C[C[C[C
i<?php
phpinfo();
?>
]0;root@em-voip-qa: /root@em-voip-qa:/# sudo rm /var/www/html/info.php
]0;root@em-voip-qa: /root@em-voip-qa:/# exit
exit
vinoth@em-voip-qa:/$ exit
logout
-bash: /home/vinoth/.bash_logout: Permission denied
